Archive member included to satisfy reference by file (symbol)

c:/program files (x86)/atmel/studio/7.0/toolchain/avr8/avr8-gnu-toolchain/bin/../lib/gcc/avr/4.9.2/../../../../avr/lib/avr5\libm.a(addsf3.o)
                              Core/src/core/Print.o (__subsf3)
c:/program files (x86)/atmel/studio/7.0/toolchain/avr8/avr8-gnu-toolchain/bin/../lib/gcc/avr/4.9.2/../../../../avr/lib/avr5\libm.a(addsf3x.o)
                              c:/program files (x86)/atmel/studio/7.0/toolchain/avr8/avr8-gnu-toolchain/bin/../lib/gcc/avr/4.9.2/../../../../avr/lib/avr5\libm.a(addsf3.o) (__addsf3x)
c:/program files (x86)/atmel/studio/7.0/toolchain/avr8/avr8-gnu-toolchain/bin/../lib/gcc/avr/4.9.2/../../../../avr/lib/avr5\libm.a(cmpsf2.o)
                              Core/src/core/Print.o (__ltsf2)
c:/program files (x86)/atmel/studio/7.0/toolchain/avr8/avr8-gnu-toolchain/bin/../lib/gcc/avr/4.9.2/../../../../avr/lib/avr5\libm.a(divsf3.o)
                              Core/src/core/Print.o (__divsf3)
c:/program files (x86)/atmel/studio/7.0/toolchain/avr8/avr8-gnu-toolchain/bin/../lib/gcc/avr/4.9.2/../../../../avr/lib/avr5\libm.a(divsf3x.o)
                              c:/program files (x86)/atmel/studio/7.0/toolchain/avr8/avr8-gnu-toolchain/bin/../lib/gcc/avr/4.9.2/../../../../avr/lib/avr5\libm.a(divsf3.o) (__divsf3x)
c:/program files (x86)/atmel/studio/7.0/toolchain/avr8/avr8-gnu-toolchain/bin/../lib/gcc/avr/4.9.2/../../../../avr/lib/avr5\libm.a(fixsfsi.o)
                              Core/src/core/Print.o (__fixsfsi)
c:/program files (x86)/atmel/studio/7.0/toolchain/avr8/avr8-gnu-toolchain/bin/../lib/gcc/avr/4.9.2/../../../../avr/lib/avr5\libm.a(fixunssfsi.o)
                              Core/src/core/Print.o (__fixunssfsi)
c:/program files (x86)/atmel/studio/7.0/toolchain/avr8/avr8-gnu-toolchain/bin/../lib/gcc/avr/4.9.2/../../../../avr/lib/avr5\libm.a(floatsisf.o)
                              Core/src/core/Print.o (__floatunsisf)
c:/program files (x86)/atmel/studio/7.0/toolchain/avr8/avr8-gnu-toolchain/bin/../lib/gcc/avr/4.9.2/../../../../avr/lib/avr5\libm.a(fp_cmp.o)
                              c:/program files (x86)/atmel/studio/7.0/toolchain/avr8/avr8-gnu-toolchain/bin/../lib/gcc/avr/4.9.2/../../../../avr/lib/avr5\libm.a(cmpsf2.o) (__fp_cmp)
c:/program files (x86)/atmel/studio/7.0/toolchain/avr8/avr8-gnu-toolchain/bin/../lib/gcc/avr/4.9.2/../../../../avr/lib/avr5\libm.a(fp_inf.o)
                              c:/program files (x86)/atmel/studio/7.0/toolchain/avr8/avr8-gnu-toolchain/bin/../lib/gcc/avr/4.9.2/../../../../avr/lib/avr5\libm.a(addsf3x.o) (__fp_inf)
c:/program files (x86)/atmel/studio/7.0/toolchain/avr8/avr8-gnu-toolchain/bin/../lib/gcc/avr/4.9.2/../../../../avr/lib/avr5\libm.a(fp_nan.o)
                              c:/program files (x86)/atmel/studio/7.0/toolchain/avr8/avr8-gnu-toolchain/bin/../lib/gcc/avr/4.9.2/../../../../avr/lib/avr5\libm.a(addsf3x.o) (__fp_nan)
c:/program files (x86)/atmel/studio/7.0/toolchain/avr8/avr8-gnu-toolchain/bin/../lib/gcc/avr/4.9.2/../../../../avr/lib/avr5\libm.a(fp_pscA.o)
                              c:/program files (x86)/atmel/studio/7.0/toolchain/avr8/avr8-gnu-toolchain/bin/../lib/gcc/avr/4.9.2/../../../../avr/lib/avr5\libm.a(addsf3x.o) (__fp_pscA)
c:/program files (x86)/atmel/studio/7.0/toolchain/avr8/avr8-gnu-toolchain/bin/../lib/gcc/avr/4.9.2/../../../../avr/lib/avr5\libm.a(fp_pscB.o)
                              c:/program files (x86)/atmel/studio/7.0/toolchain/avr8/avr8-gnu-toolchain/bin/../lib/gcc/avr/4.9.2/../../../../avr/lib/avr5\libm.a(addsf3x.o) (__fp_pscB)
c:/program files (x86)/atmel/studio/7.0/toolchain/avr8/avr8-gnu-toolchain/bin/../lib/gcc/avr/4.9.2/../../../../avr/lib/avr5\libm.a(fp_round.o)
                              c:/program files (x86)/atmel/studio/7.0/toolchain/avr8/avr8-gnu-toolchain/bin/../lib/gcc/avr/4.9.2/../../../../avr/lib/avr5\libm.a(addsf3.o) (__fp_round)
c:/program files (x86)/atmel/studio/7.0/toolchain/avr8/avr8-gnu-toolchain/bin/../lib/gcc/avr/4.9.2/../../../../avr/lib/avr5\libm.a(fp_split3.o)
                              c:/program files (x86)/atmel/studio/7.0/toolchain/avr8/avr8-gnu-toolchain/bin/../lib/gcc/avr/4.9.2/../../../../avr/lib/avr5\libm.a(addsf3x.o) (__fp_split3)
c:/program files (x86)/atmel/studio/7.0/toolchain/avr8/avr8-gnu-toolchain/bin/../lib/gcc/avr/4.9.2/../../../../avr/lib/avr5\libm.a(fp_zero.o)
                              c:/program files (x86)/atmel/studio/7.0/toolchain/avr8/avr8-gnu-toolchain/bin/../lib/gcc/avr/4.9.2/../../../../avr/lib/avr5\libm.a(addsf3x.o) (__fp_zero)
c:/program files (x86)/atmel/studio/7.0/toolchain/avr8/avr8-gnu-toolchain/bin/../lib/gcc/avr/4.9.2/../../../../avr/lib/avr5\libm.a(gesf2.o)
                              Core/src/core/Print.o (__gtsf2)
c:/program files (x86)/atmel/studio/7.0/toolchain/avr8/avr8-gnu-toolchain/bin/../lib/gcc/avr/4.9.2/../../../../avr/lib/avr5\libm.a(mulsf3.o)
                              Core/src/core/Print.o (__mulsf3)
[...]
Memory Configuration

Name             Origin             Length             Attributes
text             0x00000000         0x00020000         xr
data             0x00800060         0x0000ffa0         rw !x
eeprom           0x00810000         0x00010000         rw !x
fuse             0x00820000         0x00000003         rw !x
lock             0x00830000         0x00000400         rw !x
signature        0x00840000         0x00000400         rw !x
user_signatures  0x00850000         0x00000400         rw !x
*default*        0x00000000         0xffffffff

Linker script and memory map

Address of section .data set to 0x800100
LOAD C:/Program Files (x86)/Atmel/Studio/7.0/Packs/atmel/ATmega_DFP/1.1.130/gcc/dev/atmega328p/avr5/crtatmega328p.o
LOAD Core/src/core/abi.o
LOAD Core/src/core/CDC.o
LOAD Core/src/core/HardwareSerial.o
LOAD Core/src/core/HardwareSerial0.o
LOAD Core/src/core/HardwareSerial1.o
LOAD Core/src/core/HardwareSerial2.o
LOAD Core/src/core/HardwareSerial3.o
LOAD Core/src/core/hooks.o
LOAD Core/src/core/IPAddress.o
LOAD Core/src/core/new.o
LOAD Core/src/core/PluggableUSB.o
LOAD Core/src/core/Print.o
LOAD Core/src/core/Stream.o
LOAD Core/src/core/USBCore.o
LOAD Core/src/core/WInterrupts.o
LOAD Core/src/core/wiring.o
LOAD Core/src/core/wiring_analog.o
LOAD Core/src/core/wiring_digital.o
LOAD Core/src/core/wiring_pulse.o
LOAD Core/src/core/wiring_shift.o
LOAD Core/src/core/WMath.o
LOAD Core/src/core/WString.o
LOAD ExternalLibrary/SparkFun_MMA8452Q.o
LOAD Library/adcClass_lib.o
LOAD Library/pinClass_lib.o
LOAD Library/portClass_lib.o
LOAD Library/SPI.o
LOAD Library/twi.o
LOAD Library/Wire.o
LOAD main.o
START GROUP
LOAD c:/program files (x86)/atmel/studio/7.0/toolchain/avr8/avr8-gnu-toolchain/bin/../lib/gcc/avr/4.9.2/../../../../avr/lib/avr5\libm.a
END GROUP
LOAD c:/program files (x86)/atmel/studio/7.0/toolchain/avr8/avr8-gnu-toolchain/bin/../lib/gcc/avr/4.9.2/avr5\libgcc.a
LOAD c:/program files (x86)/atmel/studio/7.0/toolchain/avr8/avr8-gnu-toolchain/bin/../lib/gcc/avr/4.9.2/../../../../avr/lib/avr5\libm.a
START GROUP
LOAD c:/program files (x86)/atmel/studio/7.0/toolchain/avr8/avr8-gnu-toolchain/bin/../lib/gcc/avr/4.9.2/avr5\libgcc.a
LOAD c:/program files (x86)/atmel/studio/7.0/toolchain/avr8/avr8-gnu-toolchain/bin/../lib/gcc/avr/4.9.2/../../../../avr/lib/avr5\libm.a
LOAD c:/program files (x86)/atmel/studio/7.0/toolchain/avr8/avr8-gnu-toolchain/bin/../lib/gcc/avr/4.9.2/../../../../avr/lib/avr5\libc.a
LOAD C:/Program Files (x86)/Atmel/Studio/7.0/Packs/atmel/ATmega_DFP/1.1.130/gcc/dev/atmega328p/avr5\libatmega328p.a
END GROUP
                0x00020000                __TEXT_REGION_LENGTH__ = DEFINED (__TEXT_REGION_LENGTH__)?__TEXT_REGION_LENGTH__:0x20000
                0x0000ffa0                __DATA_REGION_LENGTH__ = DEFINED (__DATA_REGION_LENGTH__)?__DATA_REGION_LENGTH__:0xffa0
                0x00010000                __EEPROM_REGION_LENGTH__ = DEFINED (__EEPROM_REGION_LENGTH__)?__EEPROM_REGION_LENGTH__:0x10000
                [0x00000003]                __FUSE_REGION_LENGTH__ = DEFINED (__FUSE_REGION_LENGTH__)?__FUSE_REGION_LENGTH__:0x400
                0x00000400                __LOCK_REGION_LENGTH__ = DEFINED (__LOCK_REGION_LENGTH__)?__LOCK_REGION_LENGTH__:0x400
                0x00000400                __SIGNATURE_REGION_LENGTH__ = DEFINED (__SIGNATURE_REGION_LENGTH__)?__SIGNATURE_REGION_LENGTH__:0x400
                0x00000400                __USER_SIGNATURE_REGION_LENGTH__ = DEFINED (__USER_SIGNATURE_REGION_LENGTH__)?__USER_SIGNATURE_REGION_LENGTH__:0x400

.hash
 *(.hash)

.dynsym
 *(.dynsym)

.dynstr
 *(.dynstr)

.gnu.version
 *(.gnu.version)

.gnu.version_d
 *(.gnu.version_d)

.gnu.version_r
 *(.gnu.version_r)

.rel.init
 *(.rel.init)

.rela.init
 *(.rela.init)

.rel.text
 *(.rel.text)
 *(.rel.text.*)
 *(.rel.gnu.linkonce.t*)

.rela.text
 *(.rela.text)
 *(.rela.text.*)
 *(.rela.gnu.linkonce.t*)

.rel.fini
 *(.rel.fini)

.rela.fini
 *(.rela.fini)

.rel.rodata
 *(.rel.rodata)
 *(.rel.rodata.*)
 *(.rel.gnu.linkonce.r*)

.rela.rodata
 *(.rela.rodata)
 *(.rela.rodata.*)
 *(.rela.gnu.linkonce.r*)

.rel.data
 *(.rel.data)
 *(.rel.data.*)
 *(.rel.gnu.linkonce.d*)

.rela.data
 *(.rela.data)
 *(.rela.data.*)
 *(.rela.gnu.linkonce.d*)

.rel.ctors
 *(.rel.ctors)

.rela.ctors
 *(.rela.ctors)

.rel.dtors
 *(.rel.dtors)

.rela.dtors
 *(.rela.dtors)

.rel.got
 *(.rel.got)

.rela.got
 *(.rela.got)

.rel.bss
 *(.rel.bss)

.rela.bss
 *(.rela.bss)

.rel.plt
 *(.rel.plt)

.rela.plt
 *(.rela.plt)

.text           0x00000000     0x1156
 *(.vectors)
 .vectors       0x00000000       0x68 C:/Program Files (x86)/Atmel/Studio/7.0/Packs/atmel/ATmega_DFP/1.1.130/gcc/dev/atmega328p/avr5/crtatmega328p.o
                0x00000000                __vector_default
                0x00000000                __vectors
 *(.vectors)
 *(.progmem.gcc*)
 .progmem.gcc_sw_table.__vector_24
                0x00000068      0x192 Library/twi.o
                0x000001fa                . = ALIGN (0x2)
                0x000001fa                __trampolines_start = .
 *(.trampolines)
 .trampolines   0x000001fa        0x0 linker stubs
 *(.trampolines*)
                0x000001fa                __trampolines_end = .
 *libprintf_flt.a:*(.progmem.data)
 *libc.a:*(.progmem.data)
 *(.progmem*)
 .progmem.data.digital_pin_to_timer_PGM
                0x000001fa       0x14 Core/src/core/wiring_digital.o
                0x000001fa                digital_pin_to_timer_PGM
 .progmem.data.digital_pin_to_bit_mask_PGM
                0x0000020e       0x14 Core/src/core/wiring_digital.o
                0x0000020e                digital_pin_to_bit_mask_PGM
 .progmem.data.digital_pin_to_port_PGM
                0x00000222       0x14 Core/src/core/wiring_digital.o
                0x00000222                digital_pin_to_port_PGM
 .progmem.data.port_to_input_PGM
                0x00000236        0xa Core/src/core/wiring_digital.o
                0x00000236                port_to_input_PGM
 .progmem.data.port_to_output_PGM
                0x00000240        0xa Core/src/core/wiring_digital.o
                0x00000240                port_to_output_PGM
 .progmem.data.port_to_mode_PGM
                0x0000024a        0xa Core/src/core/wiring_digital.o
                0x0000024a                port_to_mode_PGM
                0x00000254                . = ALIGN (0x2)
 *(.jumptables)
 *(.jumptables*)
 *(.lowtext)
 *(.lowtext*)
                0x00000254                __ctors_start = .
 *(.ctors)
 .ctors         0x00000254        0x2 Core/src/core/HardwareSerial0.o
 .ctors         0x00000256        0x2 Core/src/core/IPAddress.o
 .ctors         0x00000258        0x2 Library/adcClass_lib.o
 .ctors         0x0000025a        0x2 Library/Wire.o
                0x0000025c                __ctors_end = .
                0x0000025c                __dtors_start = .
 *(.dtors)
                0x0000025c                __dtors_end = .
 SORT(*)(.ctors)
 SORT(*)(.dtors)
 *(.init0)
 .init0         0x0000025c        0x0 C:/Program Files (x86)/Atmel/Studio/7.0/Packs/atmel/ATmega_DFP/1.1.130/gcc/dev/atmega328p/avr5/crtatmega328p.o
                0x0000025c                __init
 *(.init0)
 *(.init1)
 *(.init1)
 *(.init2)
 .init2         0x0000025c        0xc C:/Program Files (x86)/Atmel/Studio/7.0/Packs/atmel/ATmega_DFP/1.1.130/gcc/dev/atmega328p/avr5/crtatmega328p.o
 *(.init2)
 *(.init3)
 *(.init3)
 *(.init4)
 .init4         0x00000268       0x16 c:/program files (x86)/atmel/studio/7.0/toolchain/avr8/avr8-gnu-toolchain/bin/../lib/gcc/avr/4.9.2/avr5\libgcc.a(_copy_data.o)
                0x00000268                __do_copy_data
 .init4         0x0000027e       0x10 c:/program files (x86)/atmel/studio/7.0/toolchain/avr8/avr8-gnu-toolchain/bin/../lib/gcc/avr/4.9.2/avr5\libgcc.a(_clear_bss.o)
                0x0000027e                __do_clear_bss
 *(.init4)
 *(.init5)
 *(.init5)
 *(.init6)
 .init6         0x0000028e       0x16 c:/program files (x86)/atmel/studio/7.0/toolchain/avr8/avr8-gnu-toolchain/bin/../lib/gcc/avr/4.9.2/avr5\libgcc.a(_ctors.o)
                0x0000028e                __do_global_ctors
 *(.init6)
 *(.init7)
 *(.init7)
 *(.init8)
 *(.init8)
 *(.init9)
 .init9         0x000002a4        0x8 C:/Program Files (x86)/Atmel/Studio/7.0/Packs/atmel/ATmega_DFP/1.1.130/gcc/dev/atmega328p/avr5/crtatmega328p.o
 *(.init9)
 *(.text)
 .text          0x000002ac        0x4 C:/Program Files (x86)/Atmel/Studio/7.0/Packs/atmel/ATmega_DFP/1.1.130/gcc/dev/atmega328p/avr5/crtatmega328p.o
                0x000002ac                __vector_22
                0x000002ac                __vector_12
                0x000002ac                __bad_interrupt
                0x000002ac                __vector_6
                0x000002ac                __vector_3
                0x000002ac                __vector_23
                0x000002ac                __vector_25
                0x000002ac                __vector_11
                0x000002ac                __vector_13
                0x000002ac                __vector_17
                0x000002ac                __vector_7
                0x000002ac                __vector_5
                0x000002ac                __vector_4
                0x000002ac                __vector_9
                0x000002ac                __vector_21
                0x000002ac                __vector_15
                0x000002ac                __vector_8
                0x000002ac                __vector_14
                0x000002ac                __vector_10
                0x000002ac                __vector_20
                0x000002b0                . = ALIGN (0x2)
 *(.text.*)
 .text._ZN14HardwareSerial9availableEv
                0x000002b0       0x18 Core/src/core/HardwareSerial.o
                0x000002b0                _ZN14HardwareSerial9availableEv
 .text._ZN14HardwareSerial4peekEv
                0x000002c8       0x1c Core/src/core/HardwareSerial.o
                0x000002c8                _ZN14HardwareSerial4peekEv
 .text._ZN14HardwareSerial4readEv
                0x000002e4       0x28 Core/src/core/HardwareSerial.o
                0x000002e4                _ZN14HardwareSerial4readEv
 .text._ZN14HardwareSerial17_tx_udr_empty_irqEv
                0x0000030c       0x54 Core/src/core/HardwareSerial.o
                0x0000030c                _ZN14HardwareSerial17_tx_udr_empty_irqEv
 .text._ZN14HardwareSerial5flushEv
                0x00000360       0x44 Core/src/core/HardwareSerial.o
                0x00000360                _ZN14HardwareSerial5flushEv
 .text._ZN14HardwareSerial5writeEh
                0x000003a4       0x9e Core/src/core/HardwareSerial.o
                0x000003a4                _ZN14HardwareSerial5writeEh
 .text._ZN14HardwareSerial5beginEmh
                0x00000442       0xd2 Core/src/core/HardwareSerial.o
                0x00000442                _ZN14HardwareSerial5beginEmh
 .text.__vector_18
                0x00000514       0x70 Core/src/core/HardwareSerial0.o
                0x00000514                __vector_18
 .text.__vector_19
                0x00000584       0x4c Core/src/core/HardwareSerial0.o
                0x00000584                __vector_19
 .text._GLOBAL__sub_I___vector_18
                0x000005d0       0x5a Core/src/core/HardwareSerial0.o
 .text.__empty  0x0000062a        0x2 Core/src/core/hooks.o
                0x0000062a                yield
 .text._ZNK9IPAddress7printToER5Print
                0x0000062c       0x84 Core/src/core/IPAddress.o
                0x0000062c                _ZNK9IPAddress7printToER5Print
 .text._GLOBAL__sub_I__ZN9IPAddressC2Ev
                0x000006b0       0x16 Core/src/core/IPAddress.o
 .text._ZN5Print5writeEPKhj
                0x000006c6       0x5e Core/src/core/Print.o
                0x000006c6                _ZN5Print5writeEPKhj
 .text._ZN5Print5printEPKc
                0x00000724       0x2c Core/src/core/Print.o
                0x00000724                _ZN5Print5printEPKc
 .text._ZN5Print5printEc
                0x00000750       0x10 Core/src/core/Print.o
                0x00000750                _ZN5Print5printEc
 .text._ZN5Print7printlnEv
                0x00000760       0x18 Core/src/core/Print.o
                0x00000760                _ZN5Print7printlnEv
 .text._ZN5Print7printlnEPKc
                0x00000778       0x24 Core/src/core/Print.o
                0x00000778                _ZN5Print7printlnEPKc
 .text._ZN5Print11printNumberEmh
                0x0000079c       0xe6 Core/src/core/Print.o
                0x0000079c                _ZN5Print11printNumberEmh
 .text._ZN5Print5printEmi
                0x00000882       0x1e Core/src/core/Print.o
                0x00000882                _ZN5Print5printEmi
 .text._ZN5Print5printEhi
                0x000008a0       0x10 Core/src/core/Print.o
                0x000008a0                _ZN5Print5printEhi
 .text.nothing  0x000008b0        0x2 Core/src/core/WInterrupts.o
 .text.__vector_1
                0x000008b2       0x4e Core/src/core/WInterrupts.o
                0x000008b2                __vector_1
 .text.__vector_2
                0x00000900       0x4e Core/src/core/WInterrupts.o
                0x00000900                __vector_2
 .text.__vector_16
                0x0000094e       0x94 Core/src/core/wiring.o
                0x0000094e                __vector_16
 .text.micros   0x000009e2       0x4c Core/src/core/wiring.o
                0x000009e2                micros
 .text.delay    0x00000a2e       0x58 Core/src/core/wiring.o
                0x00000a2e                delay
 .text.init     0x00000a86       0x76 Core/src/core/wiring.o
                0x00000a86                init
 .text.turnOffPWM
                0x00000afc       0x5e Core/src/core/wiring_digital.o
 .text.pinMode  0x00000b5a       0x7e Core/src/core/wiring_digital.o
                0x00000b5a                pinMode
 .text.digitalWrite
                0x00000bd8       0x62 Core/src/core/wiring_digital.o
                0x00000bd8                digitalWrite
 .text.digitalRead
                0x00000c3a       0x52 Core/src/core/wiring_digital.o
                0x00000c3a                digitalRead
 .text._GLOBAL__sub_I_adc
                0x00000c8c        0x8 Library/adcClass_lib.o
 .text._ZN8pinClassC2Ehh
                0x00000c94       0x20 Library/pinClass_lib.o
                0x00000c94                _ZN8pinClassC1Ehh
                0x00000c94                _ZN8pinClassC2Ehh
 .text._ZN8pinClass6toggleEv
                0x00000cb4       0x14 Library/pinClass_lib.o
                0x00000cb4                _ZN8pinClass6toggleEv
 .text.twi_transmit
                0x00000cc8       0x42 Library/twi.o
                0x00000cc8                twi_transmit
 .text.twi_stop
                0x00000d0a       0x16 Library/twi.o
                0x00000d0a                twi_stop
 .text.twi_releaseBus
                0x00000d20        0xc Library/twi.o
                0x00000d20                twi_releaseBus
 .text.__vector_24
                0x00000d2c      0x242 Library/twi.o
                0x00000d2c                __vector_24
 .text._ZN7TwoWire9availableEv
                0x00000f6e       0x10 Library/Wire.o
                0x00000f6e                _ZN7TwoWire9availableEv
 .text._ZN7TwoWire4readEv
                0x00000f7e       0x28 Library/Wire.o
                0x00000f7e                _ZN7TwoWire4readEv
 .text._ZN7TwoWire4peekEv
                0x00000fa6       0x1e Library/Wire.o
                0x00000fa6                _ZN7TwoWire4peekEv
 .text._ZN7TwoWire5flushEv
                0x00000fc4        0x2 Library/Wire.o
                0x00000fc4                _ZN7TwoWire5flushEv
 .text._ZN7TwoWire5writeEPKhj
                0x00000fc6       0x60 Library/Wire.o
                0x00000fc6                _ZN7TwoWire5writeEPKhj
 .text._ZN7TwoWire5writeEh
                0x00001026       0x62 Library/Wire.o
                0x00001026                _ZN7TwoWire5writeEh
 .text._ZN7TwoWireC2Ev
                0x00001088       0x20 Library/Wire.o
                0x00001088                _ZN7TwoWireC1Ev
                0x00001088                _ZN7TwoWireC2Ev
 .text._GLOBAL__sub_I__ZN7TwoWire8rxBufferE
                0x000010a8        0xa Library/Wire.o
 .text.main     0x000010b2       0x50 main.o
                0x000010b2                main
 .text.libgcc.div
                0x00001102       0x44 c:/program files (x86)/atmel/studio/7.0/toolchain/avr8/avr8-gnu-toolchain/bin/../lib/gcc/avr/4.9.2/avr5\libgcc.a(_udivmodsi4.o)
                0x00001102                __udivmodsi4
 .text.libgcc   0x00001146        0xc c:/program files (x86)/atmel/studio/7.0/toolchain/avr8/avr8-gnu-toolchain/bin/../lib/gcc/avr/4.9.2/avr5\libgcc.a(_tablejump2.o)
                0x00001146                __tablejump2__
                0x00001152                . = ALIGN (0x2)
 *(.fini9)
 .fini9         0x00001152        0x0 c:/program files (x86)/atmel/studio/7.0/toolchain/avr8/avr8-gnu-toolchain/bin/../lib/gcc/avr/4.9.2/avr5\libgcc.a(_exit.o)
                0x00001152                _exit
                0x00001152                exit
 *(.fini9)
 *(.fini8)
 *(.fini8)
 *(.fini7)
 *(.fini7)
 *(.fini6)
 *(.fini6)
 *(.fini5)
 *(.fini5)
 *(.fini4)
 *(.fini4)
 *(.fini3)
 *(.fini3)
 *(.fini2)
 *(.fini2)
 *(.fini1)
 *(.fini1)
 *(.fini0)
 .fini0         0x00001152        0x4 c:/program files (x86)/atmel/studio/7.0/toolchain/avr8/avr8-gnu-toolchain/bin/../lib/gcc/avr/4.9.2/avr5\libgcc.a(_exit.o)
 *(.fini0)
                0x00001156                _etext = .

.data           0x00800100       0x46 load address 0x00001156
                0x00800100                PROVIDE (__data_start, .)
 *(.data)
 *(.data*)
 .data.intFunc  0x00800100        0x4 Core/src/core/WInterrupts.o
 *(.rodata)
 *(.rodata*)
 .rodata._ZTV14HardwareSerial
                0x00800104       0x10 Core/src/core/HardwareSerial.o
                0x00800104                _ZTV14HardwareSerial
 .rodata._ZTV9IPAddress
                0x00800114        0x6 Core/src/core/IPAddress.o
                0x00800114                _ZTV9IPAddress
 .rodata.str1.1
                0x0080011a        0xf Core/src/core/Print.o
                                 0x11 (size before relaxing)
 .rodata._ZTV7TwoWire
                0x00800129       0x10 Library/Wire.o
                0x00800129                _ZTV7TwoWire
 .rodata.str1.1
                0x00800139        0xd main.o
 *(.gnu.linkonce.d*)
                0x00800146                . = ALIGN (0x2)
                0x00800146                _edata = .
                0x00800146                PROVIDE (__data_end, .)

.bss            0x00800146      0x16c
                0x00800146                PROVIDE (__bss_start, .)
 *(.bss)
 *(.bss*)
 .bss.Serial    0x00800146       0x9d Core/src/core/HardwareSerial0.o
                0x00800146                Serial
 .bss._ZL11INADDR_NONE
                0x008001e3        0x6 Core/src/core/IPAddress.o
 .bss.timer0_fract
                0x008001e9        0x1 Core/src/core/wiring.o
 .bss.timer0_millis
                0x008001ea        0x4 Core/src/core/wiring.o
                0x008001ea                timer0_millis
 .bss.timer0_overflow_count
                0x008001ee        0x4 Core/src/core/wiring.o
                0x008001ee                timer0_overflow_count
 .bss.adc       0x008001f2        0x1 Library/adcClass_lib.o
                0x008001f2                adc
 .bss.twi_error
                0x008001f3        0x1 Library/twi.o
 .bss.twi_rxBufferIndex
                0x008001f4        0x1 Library/twi.o
 .bss.twi_rxBuffer
                0x008001f5       0x20 Library/twi.o
 .bss.twi_txBufferLength
                0x00800215        0x1 Library/twi.o
 .bss.twi_txBufferIndex
                0x00800216        0x1 Library/twi.o
 .bss.twi_txBuffer
                0x00800217       0x20 Library/twi.o
 .bss.twi_masterBufferLength
                0x00800237        0x1 Library/twi.o
 .bss.twi_masterBufferIndex
                0x00800238        0x1 Library/twi.o
 .bss.twi_masterBuffer
                0x00800239       0x20 Library/twi.o
 .bss.twi_onSlaveReceive
                0x00800259        0x2 Library/twi.o
 .bss.twi_onSlaveTransmit
                0x0080025b        0x2 Library/twi.o
 .bss.twi_inRepStart
                0x0080025d        0x1 Library/twi.o
 .bss.twi_sendStop
                0x0080025e        0x1 Library/twi.o
 .bss.twi_slarw
                0x0080025f        0x1 Library/twi.o
 .bss.twi_state
                0x00800260        0x1 Library/twi.o
 .bss.Wire      0x00800261        0xc Library/Wire.o
                0x00800261                Wire
 .bss._ZN7TwoWire12transmittingE
                0x0080026d        0x1 Library/Wire.o
                0x0080026d                _ZN7TwoWire12transmittingE
 .bss._ZN7TwoWire14txBufferLengthE
                0x0080026e        0x1 Library/Wire.o
                0x0080026e                _ZN7TwoWire14txBufferLengthE
 .bss._ZN7TwoWire13txBufferIndexE
                0x0080026f        0x1 Library/Wire.o
                0x0080026f                _ZN7TwoWire13txBufferIndexE
 .bss._ZN7TwoWire8txBufferE
                0x00800270       0x20 Library/Wire.o
                0x00800270                _ZN7TwoWire8txBufferE
 .bss._ZN7TwoWire14rxBufferLengthE
                0x00800290        0x1 Library/Wire.o
                0x00800290                _ZN7TwoWire14rxBufferLengthE
 .bss._ZN7TwoWire13rxBufferIndexE
                0x00800291        0x1 Library/Wire.o
                0x00800291                _ZN7TwoWire13rxBufferIndexE
 .bss._ZN7TwoWire8rxBufferE
                0x00800292       0x20 Library/Wire.o
                0x00800292                _ZN7TwoWire8rxBufferE
 *(COMMON)
                0x008002b2                PROVIDE (__bss_end, .)
                0x00001156                __data_load_start = LOADADDR (.data)
                0x0000119c                __data_load_end = (__data_load_start + SIZEOF (.data))

.noinit         0x008002b2        0x0
                [!provide]                PROVIDE (__noinit_start, .)
 *(.noinit*)
                [!provide]                PROVIDE (__noinit_end, .)
                0x008002b2                _end = .
                0x008002b2                PROVIDE (__heap_start, .)

.eeprom         0x00810000        0x0
 *(.eeprom*)
                0x00810000                __eeprom_end = .

.fuse
 *(.fuse)
 *(.lfuse)
 *(.hfuse)
 *(.efuse)

.lock
 *(.lock*)

.signature
 *(.signature*)

.user_signatures
 *(.user_signatures*)

.stab
 *(.stab)

.stabstr
 *(.stabstr)

.stab.excl
 *(.stab.excl)

.stab.exclstr
 *(.stab.exclstr)

.stab.index
 *(.stab.index)

.stab.indexstr
 *(.stab.indexstr)

.comment        0x00000000       0x30
 *(.comment)
 .comment       0x00000000       0x30 Core/src/core/HardwareSerial.o
                                 0x31 (size before relaxing)
 .comment       0x00000030       0x31 Core/src/core/HardwareSerial0.o
 .comment       0x00000030       0x31 Core/src/core/hooks.o
 .comment       0x00000030       0x31 Core/src/core/IPAddress.o
 .comment       0x00000030       0x31 Core/src/core/Print.o
 .comment       0x00000030       0x31 Core/src/core/WInterrupts.o
 .comment       0x00000030       0x31 Core/src/core/wiring.o
 .comment       0x00000030       0x31 Core/src/core/wiring_digital.o
 .comment       0x00000030       0x31 Library/adcClass_lib.o
 .comment       0x00000030       0x31 Library/pinClass_lib.o
 .comment       0x00000030       0x31 Library/twi.o
 .comment       0x00000030       0x31 Library/Wire.o
 .comment       0x00000030       0x31 main.o

.note.gnu.avr.deviceinfo
                0x00000000       0x40
 .note.gnu.avr.deviceinfo
                0x00000000       0x40 C:/Program Files (x86)/Atmel/Studio/7.0/Packs/atmel/ATmega_DFP/1.1.130/gcc/dev/atmega328p/avr5/crtatmega328p.o

.note.gnu.build-id
 *(.note.gnu.build-id)

.debug
 *(.debug)

.line
 *(.line)

.debug_srcinfo
 *(.debug_srcinfo)

.debug_sfnames
 *(.debug_sfnames)

.debug_aranges  0x00000000      0x4e0
 *(.debug_aranges)
 .debug_aranges
                0x00000000       0x68 Core/src/core/HardwareSerial.o
 .debug_aranges
                0x00000068       0x38 Core/src/core/HardwareSerial0.o
 .debug_aranges
                0x000000a0       0x20 Core/src/core/hooks.o
 .debug_aranges
                0x000000c0       0x68 Core/src/core/IPAddress.o
 .debug_aranges
                0x00000128       0xe8 Core/src/core/Print.o
 .debug_aranges
                0x00000210       0x40 Core/src/core/WInterrupts.o
 .debug_aranges
                0x00000250       0x48 Core/src/core/wiring.o
 .debug_aranges
                0x00000298       0x38 Core/src/core/wiring_digital.o
 .debug_aranges
                0x000002d0       0x48 Library/adcClass_lib.o
 .debug_aranges
                0x00000318       0x48 Library/pinClass_lib.o
 .debug_aranges
                0x00000360       0x78 Library/twi.o
 .debug_aranges
                0x000003d8       0xe8 Library/Wire.o
 .debug_aranges
                0x000004c0       0x20 main.o

.debug_pubnames
 *(.debug_pubnames)

.debug_info     0x00000000     0xb7f6
 *(.debug_info .gnu.linkonce.wi.*)
 .debug_info    0x00000000      0x5f4 C:/Program Files (x86)/Atmel/Studio/7.0/Packs/atmel/ATmega_DFP/1.1.130/gcc/dev/atmega328p/avr5/crtatmega328p.o
 .debug_info    0x000005f4     0x1a9b Core/src/core/HardwareSerial.o
 .debug_info    0x0000208f     0x1761 Core/src/core/HardwareSerial0.o
 .debug_info    0x000037f0       0x3e Core/src/core/hooks.o
 .debug_info    0x0000382e     0x17a8 Core/src/core/IPAddress.o
 .debug_info    0x00004fd6     0x25c4 Core/src/core/Print.o
 .debug_info    0x0000759a      0x217 Core/src/core/WInterrupts.o
 .debug_info    0x000077b1      0x2bb Core/src/core/wiring.o
 .debug_info    0x00007a6c      0x5d6 Core/src/core/wiring_digital.o
 .debug_info    0x00008042      0x3d4 Library/adcClass_lib.o
 .debug_info    0x00008416      0x48b Library/pinClass_lib.o
 .debug_info    0x000088a1      0x6ef Library/twi.o
 .debug_info    0x00008f90     0x240f Library/Wire.o
 .debug_info    0x0000b39f      0x457 main.o

.debug_abbrev   0x00000000     0x2676
 *(.debug_abbrev)
 .debug_abbrev  0x00000000      0x5a2 C:/Program Files (x86)/Atmel/Studio/7.0/Packs/atmel/ATmega_DFP/1.1.130/gcc/dev/atmega328p/avr5/crtatmega328p.o
 .debug_abbrev  0x000005a2      0x391 Core/src/core/HardwareSerial.o
 .debug_abbrev  0x00000933      0x375 Core/src/core/HardwareSerial0.o
 .debug_abbrev  0x00000ca8       0x2a Core/src/core/hooks.o
 .debug_abbrev  0x00000cd2      0x423 Core/src/core/IPAddress.o
 .debug_abbrev  0x000010f5      0x3c8 Core/src/core/Print.o
 .debug_abbrev  0x000014bd       0xfc Core/src/core/WInterrupts.o
 .debug_abbrev  0x000015b9      0x145 Core/src/core/wiring.o
 .debug_abbrev  0x000016fe      0x149 Core/src/core/wiring_digital.o
 .debug_abbrev  0x00001847      0x217 Library/adcClass_lib.o
 .debug_abbrev  0x00001a5e      0x232 Library/pinClass_lib.o
 .debug_abbrev  0x00001c90      0x251 Library/twi.o
 .debug_abbrev  0x00001ee1      0x573 Library/Wire.o
 .debug_abbrev  0x00002454      0x222 main.o

.debug_line     0x00000000     0x2979
 *(.debug_line .debug_line.* .debug_line_end)
 .debug_line    0x00000000      0x133 C:/Program Files (x86)/Atmel/Studio/7.0/Packs/atmel/ATmega_DFP/1.1.130/gcc/dev/atmega328p/avr5/crtatmega328p.o
 .debug_line    0x00000133      0x45d Core/src/core/HardwareSerial.o
 .debug_line    0x00000590      0x266 Core/src/core/HardwareSerial0.o
 .debug_line    0x000007f6       0x46 Core/src/core/hooks.o
 .debug_line    0x0000083c      0x38b Core/src/core/IPAddress.o
 .debug_line    0x00000bc7      0x6a1 Core/src/core/Print.o
 .debug_line    0x00001268      0x1bb Core/src/core/WInterrupts.o
 .debug_line    0x00001423      0x2a4 Core/src/core/wiring.o
 .debug_line    0x000016c7      0x25c Core/src/core/wiring_digital.o
 .debug_line    0x00001923      0x1b9 Library/adcClass_lib.o
 .debug_line    0x00001adc      0x1d5 Library/pinClass_lib.o
 .debug_line    0x00001cb1      0x580 Library/twi.o
 .debug_line    0x00002231      0x563 Library/Wire.o
 .debug_line    0x00002794      0x1e5 main.o

.debug_frame    0x00000000      0xda4
 *(.debug_frame)
 .debug_frame   0x00000000      0x110 Core/src/core/HardwareSerial.o
 .debug_frame   0x00000110       0xcc Core/src/core/HardwareSerial0.o
 .debug_frame   0x000001dc       0x24 Core/src/core/hooks.o
 .debug_frame   0x00000200      0x108 Core/src/core/IPAddress.o
 .debug_frame   0x00000308      0x3a8 Core/src/core/Print.o
 .debug_frame   0x000006b0       0xf4 Core/src/core/WInterrupts.o
 .debug_frame   0x000007a4       0xbc Core/src/core/wiring.o
 .debug_frame   0x00000860       0x7c Core/src/core/wiring_digital.o
 .debug_frame   0x000008dc       0x74 Library/adcClass_lib.o
 .debug_frame   0x00000950       0x98 Library/pinClass_lib.o
 .debug_frame   0x000009e8      0x124 Library/twi.o
 .debug_frame   0x00000b0c      0x264 Library/Wire.o
 .debug_frame   0x00000d70       0x34 main.o

.debug_str      0x00000000     0x2595
 *(.debug_str)
 .debug_str     0x00000000      0x208 C:/Program Files (x86)/Atmel/Studio/7.0/Packs/atmel/ATmega_DFP/1.1.130/gcc/dev/atmega328p/avr5/crtatmega328p.o
 .debug_str     0x00000208     0x118b Core/src/core/HardwareSerial.o
                               0x1224 (size before relaxing)
 .debug_str     0x00001393       0x90 Core/src/core/HardwareSerial0.o
                               0x101e (size before relaxing)
 .debug_str     0x00001423       0xe2 Core/src/core/hooks.o
                                0x116 (size before relaxing)
 .debug_str     0x00001505      0x2b8 Core/src/core/IPAddress.o
                                0xdff (size before relaxing)
 .debug_str     0x000017bd      0x380 Core/src/core/Print.o
                                0xe97 (size before relaxing)
 .debug_str     0x00001b3d       0x8d Core/src/core/WInterrupts.o
                                0x20e (size before relaxing)
 .debug_str     0x00001bca       0x8a Core/src/core/wiring.o
                                0x218 (size before relaxing)
 .debug_str     0x00001c54       0xdc Core/src/core/wiring_digital.o
                                0x286 (size before relaxing)
 .debug_str     0x00001d30      0x10e Library/adcClass_lib.o
                                0x361 (size before relaxing)
 .debug_str     0x00001e3e       0xb2 Library/pinClass_lib.o
                                0x2e4 (size before relaxing)
 .debug_str     0x00001ef0      0x1ba Library/twi.o
                                0x365 (size before relaxing)
 .debug_str     0x000020aa      0x4d2 Library/Wire.o
                               0x14c0 (size before relaxing)
 .debug_str     0x0000257c       0x19 main.o
                                0x342 (size before relaxing)

.debug_loc      0x00000000     0x4666
 *(.debug_loc)
 .debug_loc     0x00000000      0x484 Core/src/core/HardwareSerial.o
 .debug_loc     0x00000484      0x17b Core/src/core/HardwareSerial0.o
 .debug_loc     0x000005ff      0x41b Core/src/core/IPAddress.o
 .debug_loc     0x00000a1a     0x1db0 Core/src/core/Print.o
 .debug_loc     0x000027ca      0x235 Core/src/core/WInterrupts.o
 .debug_loc     0x000029ff      0x22a Core/src/core/wiring.o
 .debug_loc     0x00002c29      0x5c4 Core/src/core/wiring_digital.o
 .debug_loc     0x000031ed       0xa0 Library/adcClass_lib.o
 .debug_loc     0x0000328d      0x256 Library/pinClass_lib.o
 .debug_loc     0x000034e3      0x596 Library/twi.o
 .debug_loc     0x00003a79      0xba5 Library/Wire.o
 .debug_loc     0x0000461e       0x48 main.o

.debug_macinfo
 *(.debug_macinfo)

.debug_weaknames
 *(.debug_weaknames)

.debug_funcnames
 *(.debug_funcnames)

.debug_typenames
 *(.debug_typenames)

.debug_varnames
 *(.debug_varnames)

.debug_pubtypes
 *(.debug_pubtypes)

.debug_ranges   0x00000000      0x448
 *(.debug_ranges)
 .debug_ranges  0x00000000       0x58 Core/src/core/HardwareSerial.o
 .debug_ranges  0x00000058       0x28 Core/src/core/HardwareSerial0.o
 .debug_ranges  0x00000080       0x10 Core/src/core/hooks.o
 .debug_ranges  0x00000090       0x78 Core/src/core/IPAddress.o
 .debug_ranges  0x00000108       0xf0 Core/src/core/Print.o
 .debug_ranges  0x000001f8       0x30 Core/src/core/WInterrupts.o
 .debug_ranges  0x00000228       0x38 Core/src/core/wiring.o
 .debug_ranges  0x00000260       0x28 Core/src/core/wiring_digital.o
 .debug_ranges  0x00000288       0x38 Library/adcClass_lib.o
 .debug_ranges  0x000002c0       0x38 Library/pinClass_lib.o
 .debug_ranges  0x000002f8       0x68 Library/twi.o
 .debug_ranges  0x00000360       0xd8 Library/Wire.o
 .debug_ranges  0x00000438       0x10 main.o

.debug_macro
 *(.debug_macro)
OUTPUT(Diagnostics.elf elf32-avr)
LOAD linker stubs
